LTspice 24.0.12 for Windows
Circuit: * C:\users\haaken\Documents\Dilexer\diplexer\test.asc
Start Time: Fri Oct 11 13:19:08 2024
solver = Normal
Maximum thread count: 24
tnom = 27
temp = 27
method = modified trap
.OP point found by inspection.
Total elapsed time: 0.057 seconds.

